// Jest Snapshot v1, https://goo.gl/fbAQLP

exports[`gux-date-time-beta #render should render component as expected (1) 1`] = `"<gux-date-time-beta locale=\\"en\\" date=\\"1657200930100\\" format=\\"short\\" hydrated=\\"\\"></gux-date-time-beta>"`;

exports[`gux-date-time-beta #render should render component as expected (2) 1`] = `"<gux-date-time-beta locale=\\"en\\" date=\\"1657200930100\\" format=\\"medium\\" hydrated=\\"\\"></gux-date-time-beta>"`;

exports[`gux-date-time-beta #render should render component as expected (3) 1`] = `"<gux-date-time-beta locale=\\"en\\" date=\\"1657200930100\\" format=\\"long\\" hydrated=\\"\\"></gux-date-time-beta>"`;

exports[`gux-date-time-beta #render should render component as expected (4) 1`] = `"<gux-date-time-beta locale=\\"en\\" date=\\"1657200930100\\" format=\\"full\\" hydrated=\\"\\"></gux-date-time-beta>"`;
