// Jest Snapshot v1, https://goo.gl/fbAQLP

exports[`gux-input-radio should render 1`] = `
<gux-input-radio>
  <!---->
  <div class="gux-input-radio-container">
    <input disabled="" name="dinner" slot="input" type="radio" value="sandwich">
    <label slot="label">
      Sandwich
    </label>
  </div>
</gux-input-radio>
`;
