// Jest Snapshot v1, https://goo.gl/fbAQLP

exports[`gux-notification-toast #render should render alert notification toast 1`] = `"<gux-notification-toast lang=\\"en\\" accent=\\"alert\\" hydrated=\\"\\"><!----> <div class=\\"gux-icon gux-alert\\"><gux-icon slot=\\"icon\\" icon-name=\\"user-add\\" decorative=\\"\\" hydrated=\\"\\"></gux-icon></div><div class=\\"gux-content\\"><div class=\\"gux-title\\"><div slot=\\"title\\">Title</div></div><div class=\\"gux-message\\"><div slot=\\"message\\">This is the message</div></div></div><gux-dismiss-button-beta tabindex=\\"0\\" hydrated=\\"\\"></gux-dismiss-button-beta></gux-notification-toast>"`;

exports[`gux-notification-toast #render should render neutral notification toast 1`] = `"<gux-notification-toast lang=\\"en\\" accent=\\"neutral\\" hydrated=\\"\\"><!----> <div class=\\"gux-icon gux-neutral\\"><gux-icon slot=\\"icon\\" icon-name=\\"user-add\\" decorative=\\"\\" hydrated=\\"\\"></gux-icon></div><div class=\\"gux-content\\"><div class=\\"gux-title\\"><div slot=\\"title\\">Title</div></div><div class=\\"gux-message\\"><div slot=\\"message\\">This is the message</div></div></div><gux-dismiss-button-beta tabindex=\\"0\\" hydrated=\\"\\"></gux-dismiss-button-beta></gux-notification-toast>"`;

exports[`gux-notification-toast #render should render positive notification toast 1`] = `"<gux-notification-toast lang=\\"en\\" accent=\\"positive\\" hydrated=\\"\\"><!----> <div class=\\"gux-icon gux-positive\\"><gux-icon slot=\\"icon\\" icon-name=\\"user-add\\" decorative=\\"\\" hydrated=\\"\\"></gux-icon></div><div class=\\"gux-content\\"><div class=\\"gux-title\\"><div slot=\\"title\\">Title</div></div><div class=\\"gux-message\\"><div slot=\\"message\\">This is the message</div></div></div><gux-dismiss-button-beta tabindex=\\"0\\" hydrated=\\"\\"></gux-dismiss-button-beta></gux-notification-toast>"`;

exports[`gux-notification-toast #render should render warning notification toast 1`] = `"<gux-notification-toast lang=\\"en\\" accent=\\"warning\\" hydrated=\\"\\"><!----> <div class=\\"gux-icon gux-warning\\"><gux-icon slot=\\"icon\\" icon-name=\\"user-add\\" decorative=\\"\\" hydrated=\\"\\"></gux-icon></div><div class=\\"gux-content\\"><div class=\\"gux-title\\"><div slot=\\"title\\">Title</div></div><div class=\\"gux-message\\"><div slot=\\"message\\">This is the message</div></div></div><gux-dismiss-button-beta tabindex=\\"0\\" hydrated=\\"\\"></gux-dismiss-button-beta></gux-notification-toast>"`;
