// Jest Snapshot v1, https://goo.gl/fbAQLP

exports[`gux-advanced-dropdown should render 1`] = `
<gux-advanced-dropdown>
  <mock:shadow-root>
    <div class="gux-dropdown">
      <div class="gux-select-field">
        <a class="gux-select-input" tabindex="0"></a>
        <div class="gux-icon-wrapper">
          <gux-icon decorative="" icon-name="chevron-small-down"></gux-icon>
        </div>
      </div>
      <div class="gux-advanced-dropdown-menu">
        <div class="gux-dropdown-menu-container">
          <gux-form-field>
            <input id="gux-advanced-dropdown-search-i" slot="input" type="search">
            <label class="gux-sr-only" htmlfor="gux-advanced-dropdown-search-i" slot="label">
              Search
            </label>
          </gux-form-field>
          <div class="gux-dropdown-options">
            <slot></slot>
          </div>
        </div>
      </div>
    </div>
  </mock:shadow-root>
  <gux-dropdown-option text="English" value="en"></gux-dropdown-option>
  <gux-dropdown-option text="Dutch" value="nl"></gux-dropdown-option>
</gux-advanced-dropdown>
`;
