// Jest Snapshot v1, https://goo.gl/fbAQLP

exports[`gux-breadcrumbs should display component as expected (1) 1`] = `"<gux-breadcrumbs lang=\\"en\\" class=\\"hydrated\\"></gux-breadcrumbs>"`;

exports[`gux-breadcrumbs should display component as expected (2) 1`] = `"<gux-breadcrumbs lang=\\"en\\" class=\\"hydrated\\"> <gux-breadcrumb-item class=\\"hydrated\\">Category</gux-breadcrumb-item> <gux-breadcrumb-item href=\\"#\\" class=\\"hydrated\\">Parent</gux-breadcrumb-item> <gux-breadcrumb-item class=\\"hydrated\\">Current</gux-breadcrumb-item> </gux-breadcrumbs>"`;

exports[`gux-breadcrumbs should display component as expected (3) 1`] = `"<gux-breadcrumbs lang=\\"en\\" class=\\"hydrated\\"> <gux-breadcrumb-item class=\\"hydrated\\">Category</gux-breadcrumb-item> <gux-breadcrumb-item href=\\"#\\" class=\\"hydrated\\">Parent</gux-breadcrumb-item> <gux-breadcrumb-item href=\\"#\\" class=\\"hydrated\\">Current</gux-breadcrumb-item> </gux-breadcrumbs>"`;

exports[`gux-breadcrumbs should display component as expected (4) 1`] = `"<gux-breadcrumbs lang=\\"en\\" accent=\\"primary\\" class=\\"hydrated\\"> <gux-breadcrumb-item class=\\"hydrated\\">Category</gux-breadcrumb-item> <gux-breadcrumb-item href=\\"#\\" class=\\"hydrated\\">Parent</gux-breadcrumb-item> <gux-breadcrumb-item class=\\"hydrated\\">Current</gux-breadcrumb-item> </gux-breadcrumbs>"`;

exports[`gux-breadcrumbs should display component as expected (5) 1`] = `"<gux-breadcrumbs lang=\\"en\\" accent=\\"secondary\\" class=\\"hydrated\\"> <gux-breadcrumb-item class=\\"hydrated\\">Category</gux-breadcrumb-item> <gux-breadcrumb-item href=\\"#\\" class=\\"hydrated\\">Parent</gux-breadcrumb-item> <gux-breadcrumb-item class=\\"hydrated\\">Current</gux-breadcrumb-item> </gux-breadcrumbs>"`;

exports[`gux-breadcrumbs should display component as expected (6) 1`] = `"<gux-breadcrumbs lang=\\"en\\" accent=\\"invalid\\" class=\\"hydrated\\"> <gux-breadcrumb-item class=\\"hydrated\\">Category</gux-breadcrumb-item> <gux-breadcrumb-item href=\\"#\\" class=\\"hydrated\\">Parent</gux-breadcrumb-item> <gux-breadcrumb-item class=\\"hydrated\\">Current</gux-breadcrumb-item> </gux-breadcrumbs>"`;
