// Jest Snapshot v1, https://goo.gl/fbAQLP

exports[`gux-radial-loading should display component as expected (1) 1`] = `""`;

exports[`gux-radial-loading should display component as expected (2) 1`] = `""`;

exports[`gux-radial-loading should display component as expected (3) 1`] = `""`;

exports[`gux-radial-loading should display component as expected (4) 1`] = `""`;
