// Jest Snapshot v1, https://goo.gl/fbAQLP

exports[`gux-copy-to-clipboard-beta #render should render copy to clipboard 1`] = `
<gux-copy-to-clipboard-beta>
  <mock:shadow-root>
    <div class="gux-copy-to-clipboard-wrapper" tabindex="0">
      <div class="gux-copy-content">
        <slot></slot>
        <div class="gux-icon-container">
          <gux-icon decorative="" icon-name="copy"></gux-icon>
        </div>
      </div>
      <gux-tooltip placement="bottom-end">
        Click or Press Enter to Copy
      </gux-tooltip>
    </div>
  </mock:shadow-root>
  <span>
    Test
  </span>
</gux-copy-to-clipboard-beta>
`;
